STEP to UG
! INFO-     NX STEP AP214 - V2007
! INFO-      
! INFO-     Start of Translation: 7-JUN-2026  3:00:53 PM
! INFO-      
! STATUS-   Converting Part: D:\College\Course Project\Parametric design and CFD analysis of Kaplan turbine blades using Python-generated NACA airfoils, CAD modeling, and ANSYS Fluent validation\CAD\Kaplan.STEP
! SUMMARY-   
! SUMMARY-    STEP Header Information
! SUMMARY-   
! SUMMARY-  Description      STEP AP214
! SUMMARY-  Imp_Level        1
! SUMMARY-  File_Name        Kaplan.STEP
! SUMMARY-  Date             2024-01-06T11:39:32
! SUMMARY-  Author           Maarifasasa
! SUMMARY-  Organization     Unknown
! SUMMARY-  Pre_Version      SwSTEP 2.0
! SUMMARY-  Orig_System      SolidWorks 2022
! SUMMARY-  Authorization    Unknown
! SUMMARY-  Schema_ID        automotive_design
! SUMMARY-   
! SUMMARY-    Summary of STEP Entities
! SUMMARY-   
! SUMMARY-  Entity Type                                                   Count
! SUMMARY-  -----------                                                   ------
! SUMMARY-  advanced_face ..............................................:    112
! SUMMARY-  application_context ........................................:      8
! SUMMARY-  axis2_placement_3d .........................................:     80
! SUMMARY-  b_spline_curve_with_knots ..................................:    146
! SUMMARY-  b_spline_surface_with_knots ................................:     72
! SUMMARY-  b_spline_surface_with_knots_and_rational_b_spline_surface ..:      2
! SUMMARY-  cartesian_point ............................................:  11769
! SUMMARY-  circle .....................................................:     36
! SUMMARY-  closed_shell ...............................................:     15
! SUMMARY-  conical_surface ............................................:      2
! SUMMARY-  context_dependent_shape_representation .....................:      3
! SUMMARY-  cylindrical_surface ........................................:     14
! SUMMARY-  direction ..................................................:    206
! SUMMARY-  edge_curve .................................................:    228
! SUMMARY-  edge_loop ..................................................:    117
! SUMMARY-  face_bound .................................................:      5
! SUMMARY-  face_outer_bound ...........................................:    112
! SUMMARY-  geometric_representation_context_and_global_uncertainty_a ..:    113
! SUMMARY-  item_defined_transformation ................................:      3
! SUMMARY-  length_unit_and_si_unit ....................................:    113
! SUMMARY-  line .......................................................:     46
! SUMMARY-  manifold_solid_brep ........................................:     15
! SUMMARY-  next_assembly_usage_occurrence .............................:      3
! SUMMARY-  oriented_edge ..............................................:    456
! SUMMARY-  plane ......................................................:     20
! SUMMARY-  plane_angle_unit_and_si_unit ...............................:    113
! SUMMARY-  product ....................................................:      4
! SUMMARY-  product_context ............................................:      4
! SUMMARY-  product_definition .........................................:      4
! SUMMARY-  product_definition_context .................................:      4
! SUMMARY-  product_definition_formation_with_specified_source .........:      4
! SUMMARY-  product_definition_shape ...................................:      7
! SUMMARY-  product_related_product_category ...........................:      4
! SUMMARY-  representation_relationship_with_transformation_and_shape ..:      3
! SUMMARY-  shape_representation .......................................:      4
! SUMMARY-  si_unit_and_solid_angle_unit ...............................:    113
! SUMMARY-  toroidal_surface ...........................................:      2
! SUMMARY-  uncertainty_measure_with_unit ..............................:    113
! SUMMARY-  vector .....................................................:     46
! SUMMARY-  vertex_point ...............................................:    151
! SUMMARY-                                                               -------
! SUMMARY-  Total                                                          14272
! STATUS-    
! STATUS-   Converting to Output Form (Phase 2 of 3): 7-JUN-2026 3:00:53 PM
! STATUS-    
! INFO-     CV0305 The entities referenced by a context_dependant_shape_rep are
! INFO-       not coded as to STEP Part 43 requirements.  The references to the
! INFO-       component and assembly pieces is out of order.  We will attempt
! INFO-       to correct this with the given data.  This problem should be
! INFO-       reported to the translator vendor whose product generated this
! INFO-       STEP file.  If we are unable to rectify this problem the
! INFO-       components may be positioned incorrectly.
! INFO-      
! STATUS-    
! STATUS-   Generating UG geometry and placing them in parts
! STATUS-    
! STATUS-   Creating the UG part (Phase 3 of 3): 7-JUN-2026  3:00:53 PM
! INFO-     Filing Part ..: D:\College\Course Project\Parametric design and CFD analysis of Kaplan turbine blades using Python-generated NACA airfoils, CAD modeling, and ANSYS Fluent validation\CAD\Generator shaft
! SUMMARY-   
! SUMMARY-  Summary of Unigraphics Part Entities
! SUMMARY-   
! SUMMARY-  Entities Processed             Count
! SUMMARY-  ------------------             -----
! SUMMARY-  Solid .......................:     1
! SUMMARY-                                 -----
! SUMMARY-  Total                              1
! STATUS-   Creating the UG part (Phase 3 of 3): 7-JUN-2026  3:00:57 PM
! INFO-     Filing Part ..: D:\College\Course Project\Parametric design and CFD analysis of Kaplan turbine blades using Python-generated NACA airfoils, CAD modeling, and ANSYS Fluent validation\CAD\Generator
! SUMMARY-   
! SUMMARY-  Summary of Unigraphics Part Entities
! SUMMARY-   
! SUMMARY-  Entities Processed             Count
! SUMMARY-  ------------------             -----
! SUMMARY-  Solid .......................:     1
! SUMMARY-                                 -----
! SUMMARY-  Total                              1
! STATUS-   Creating the UG part (Phase 3 of 3): 7-JUN-2026  3:00:57 PM
! INFO-     Filing Part ..: D:\College\Course Project\Parametric design and CFD analysis of Kaplan turbine blades using Python-generated NACA airfoils, CAD modeling, and ANSYS Fluent validation\CAD\Kaplan turbine
! SUMMARY-   
! SUMMARY-  Summary of Unigraphics Part Entities
! SUMMARY-   
! SUMMARY-  Entities Processed             Count
! SUMMARY-  ------------------             -----
! SUMMARY-  Solid .......................:    13
! SUMMARY-                                 -----
! SUMMARY-  Total                             13
! STATUS-   Creating the UG part (Phase 3 of 3): 7-JUN-2026  3:00:57 PM
! INFO-     Filing Part ..: D:\College\Course Project\Parametric design and CFD analysis of Kaplan turbine blades using Python-generated NACA airfoils, CAD modeling, and ANSYS Fluent validation\CAD\Kaplan_step.prt
! SUMMARY-   
! SUMMARY-  Summary of Unigraphics Part Entities
! SUMMARY-   
! SUMMARY-  Entities Processed             Count
! SUMMARY-  ------------------             -----
! SUMMARY-  Component ...................:     3
! SUMMARY-                                 -----
! SUMMARY-  Total                              3
! INFO-      
! INFO-     Total number of solids input for this translation       :        15
! INFO-      
! INFO-     Number of solids created without body validation faults :        15
! INFO-      
! INFO-     Number of solids created with body validation fault(s)  :         0
! INFO-      
! INFO-     Number of solids ending up as sheet bodies              :         0
! INFO-      
! INFO-     End of Translation: 7-JUN-2026  3:00:57 PM
! INFO-      
